[dennissnellenberg.com/index.html]
[backblue.gif]
[fade.gif]
[index.html]
[dennissnellenberg.com/media/site/89d468b455-1646837228/meta-image-dennis-snellenberg-860x540-crop-q72.jpg]
[dennissnellenberg.com/assets/fonts/NeueMontreal-Regular.otf]
[dennissnellenberg.com/media/pages/work/twice/0ab7e43954-1710404752/thumbnail-twice-810x810-crop-q72.jpg]
[dennissnellenberg.com/media/pages/work/the-damai/b511d32d21-1710452224/thumbnail-thedamai-v2-810x810-crop-q72.jpg]
[dennissnellenberg.com/media/pages/work/fabric/ac07564a5f-1688453092/thumbnail-fabric-darkgray-810x810-crop-q72.jpg]
[dennissnellenberg.com/media/pages/work/aanstekelijk/441187fb44-1687423090/thumbnail-aanstekelijk-810x810-crop-q72.jpg]
[dennissnellenberg.com/work.html]
[dennissnellenberg.com/about.html]
[dennissnellenberg.com/contact.html]
[dennissnellenberg.com/assets/img/DSC07033.jpg]
[dennissnellenberg.com/work/twice.html]
[dennissnellenberg.com/work/the-damai.html]
[dennissnellenberg.com/work/fabric.html]
[dennissnellenberg.com/work/aanstekelijk.html]
[dennissnellenberg.com/media/pages/work/twice/0ab7e43954-1710404752/thumbnail-twice.jpg]
[dennissnellenberg.com/media/pages/work/the-damai/b511d32d21-1710452224/thumbnail-thedamai-v2.jpg]
[dennissnellenberg.com/media/pages/work/fabric/ac07564a5f-1688453092/thumbnail-fabric-darkgray.jpg]
[dennissnellenberg.com/media/pages/work/aanstekelijk/441187fb44-1687423090/thumbnail-aanstekelijk.jpg]
[dennissnellenberg.com/assets/img/home-item-1.jpg]
[dennissnellenberg.com/assets/img/home-item-2.mp4]
[dennissnellenberg.com/assets/img/home-item-3.jpg]
[dennissnellenberg.com/assets/img/home-item-4.mp4]
[dennissnellenberg.com/assets/img/home-item-5.mp4]
[dennissnellenberg.com/assets/img/home-item-6.jpg]
[dennissnellenberg.com/assets/img/home-item-7.mp4]
[dennissnellenberg.com/assets/img/home-item-8.jpg]
[cdnjs.cloudflare.com/ajax/libs/js-cookie/2.2.0/js.cookie.min.js]
[code.jquery.com/jquery-3.5.1.min.js]
[cdnjs.cloudflare.com/ajax/libs/gsap/3.9.1/gsap.min.js]
[cdnjs.cloudflare.com/ajax/libs/gsap/3.9.1/ScrollTrigger.min.js]
[cdn.jsdelivr.net/npm/vanilla-lazyload@17.6.1/dist/lazyload.min.js]
[dennissnellenberg.com/assets/js/locomotive-scroll.min.js]
[dennissnellenberg.com/assets/js/index-new.js]
[dennissnellenberg.com/index.html]
[dennissnellenberg.com/assets/css/normalize.css]
[dennissnellenberg.com/assets/css/locomotive-scroll.css]
[dennissnellenberg.com/assets/fonts/NeueMontreal-Light.otf]
[dennissnellenberg.com/assets/fonts/NeueMontreal-LightItalic.otf]
[dennissnellenberg.com/assets/fonts/NeueMontreal-Italic.otf]
[dennissnellenberg.com/assets/fonts/NeueMontreal-Bold.otf]
[dennissnellenberg.com/assets/fonts/NeueMontreal-BoldItalic.otf]
[dennissnellenberg.com/assets/css/styleguide.css]
[dennissnellenberg.com/assets/img/DSC07033-Cut-Color-1080.jpg]
[dennissnellenberg.com/assets/css/components.css]
[dennissnellenberg.com/assets/img/DSC07312-2.jpg]
[dennissnellenberg.com/assets/img/DSC07079.jpg]
[dennissnellenberg.com/assets/css/style-new.css]
[dennissnellenberg.com/media/pages/work/base-create/1f2468ab51-1680179645/thumbnail-base-desktop-810x810-crop-q72.jpg]
[dennissnellenberg.com/media/pages/work/avvr/4d2a7758a4-1672918357/thumbnail-avvr-v2-810x810-crop-q72.jpg]
[dennissnellenberg.com/media/pages/work/graphichunters/0daec771af-1660128857/thumbnail-gh-810x810-crop-q72.jpg]
[dennissnellenberg.com/media/pages/work/future-goals/614e28a662-1653057688/thumbnail-futuregoals-810x810-crop-q72.jpg]
[dennissnellenberg.com/media/pages/work/atypikal/fd1951ffc9-1646837277/thumbnail-atypikal-810x810-crop-q72.jpg]
[dennissnellenberg.com/media/pages/work/one-nil/288460827e-1646837272/thumbnail-onenil-v3-810x810-crop-q72.jpg]
[dennissnellenberg.com/media/pages/work/andy-hardy/f152b03247-1646837253/thumbnail-andyhardy-810x810-crop-q72.jpg]
[dennissnellenberg.com/work/base-create.html]
[dennissnellenberg.com/work/avvr.html]
[dennissnellenberg.com/work/graphichunters.html]
[dennissnellenberg.com/work/future-goals.html]
[dennissnellenberg.com/work/atypikal.html]
[dennissnellenberg.com/work/one-nil.html]
[dennissnellenberg.com/work/andy-hardy.html]
[dennissnellenberg.com/media/pages/work/base-create/1f2468ab51-1680179645/thumbnail-base-desktop.jpg]
[dennissnellenberg.com/media/pages/work/avvr/4d2a7758a4-1672918357/thumbnail-avvr-v2.jpg]
[dennissnellenberg.com/media/pages/work/graphichunters/0daec771af-1660128857/thumbnail-gh.jpg]
[dennissnellenberg.com/media/pages/work/future-goals/614e28a662-1653057688/thumbnail-futuregoals.jpg]
[dennissnellenberg.com/media/pages/work/atypikal/fd1951ffc9-1646837277/thumbnail-atypikal.jpg]
[dennissnellenberg.com/media/pages/work/one-nil/288460827e-1646837272/thumbnail-onenil-v3.jpg]
[dennissnellenberg.com/media/pages/work/andy-hardy/f152b03247-1646837253/thumbnail-andyhardy.jpg]
[dennissnellenberg.com/archive.html]
[dennissnellenberg.com/work.html]
[dennissnellenberg.com/media/pages/about/d289927735-1646837228/meta-dennis-about-860x540-crop-q72.jpg]
[dennissnellenberg.com/about.html]
[dennissnellenberg.com/contact.html]
[dennissnellenberg.com/media/pages/work/twice/0ab7e43954-1710404752/thumbnail-twice-860x540-crop-q72.jpg]
[dennissnellenberg.com/media/pages/work/twice/56dc0c6ce1-1710405711/dsc7458-540x.jpg]
[dennissnellenberg.com/media/pages/work/twice/2a06f31598-1710406342/screen-rec-home-2.qt]
[dennissnellenberg.com/assets/img/device-mbp-16-lower-nonotch.png]
[dennissnellenberg.com/media/pages/work/twice/9c011cac90-1710411859/screen-rec-nav-hover.mp4]
[dennissnellenberg.com/media/pages/work/twice/9410598988-1710411431/starvie.mp4]
[dennissnellenberg.com/media/pages/work/twice/49c2363f7d-1710412499/screen-rec-work.mp4]
[dennissnellenberg.com/media/pages/work/twice/076ed24f45-1710412700/screen-mobile-1-540x.jpg]
[dennissnellenberg.com/media/pages/work/twice/6d3469f364-1710412710/screen-mobile-2-540x.jpg]
[dennissnellenberg.com/media/pages/work/twice/4482f6c357-1710412713/screen-mobile-3-540x.jpg]
[dennissnellenberg.com/work/twice.html]
[dennissnellenberg.com/media/pages/work/the-damai/b511d32d21-1710452224/thumbnail-thedamai-v2-860x540-crop-q72.jpg]
[dennissnellenberg.com/media/pages/work/the-damai/815df0128d-1710449859/case-image-2-540x.jpg]
[dennissnellenberg.com/media/pages/work/the-damai/3ab44b1b58-1710450405/thedamai-nav.mp4]
[dennissnellenberg.com/assets/img/device-mbp-15-nonotch.png]
[dennissnellenberg.com/media/pages/work/the-damai/be6233b462-1710450698/thedamai-home.mp4]
[dennissnellenberg.com/media/pages/work/the-damai/0367a4932e-1710451142/kien_team-52-540x.jpg]
[dennissnellenberg.com/media/pages/work/the-damai/595712d496-1710451331/thedamai-spa.mp4]
[dennissnellenberg.com/media/pages/work/the-damai/72be43aaa6-1710451518/thedamai-credits.mp4]
[dennissnellenberg.com/media/pages/work/the-damai/87898b3c46-1710451478/kien_team-25-540x.jpg]
[dennissnellenberg.com/media/pages/work/the-damai/b67950e2d6-1710450150/mobile-1-540x.jpg]
[dennissnellenberg.com/media/pages/work/the-damai/f076eeb3d3-1710450154/mobile-2-540x.jpg]
[dennissnellenberg.com/media/pages/work/the-damai/593d70e410-1710450158/mobile-3-540x.jpg]
[dennissnellenberg.com/work/the-damai.html]
[dennissnellenberg.com/media/pages/work/fabric/6e80c43c4a-1687424717/thumbnail-fabric-860x540-crop-q72.jpg]
[dennissnellenberg.com/media/pages/work/fabric/8377f6f5a6-1687432216/case-header-fabric-540x.jpg]
[dennissnellenberg.com/media/pages/work/fabric/98e09d88cf-1687429337/case-home-scroll.mp4]
[dennissnellenberg.com/assets/img/device-macpro-higher.png]
[dennissnellenberg.com/media/pages/work/fabric/a12f6afedd-1687432297/case-core.mp4]
[dennissnellenberg.com/media/pages/work/fabric/c19ad20488-1687432521/case-writing.mp4]
[dennissnellenberg.com/media/pages/work/fabric/8b90e85341-1687432348/case-nav.mp4]
[dennissnellenberg.com/work/fabric.html]
[dennissnellenberg.com/media/pages/work/aanstekelijk/441187fb44-1687423090/thumbnail-aanstekelijk-860x540-crop-q72.jpg]
[dennissnellenberg.com/media/pages/work/aanstekelijk/40c9f47689-1680160244/case-header-aanstekelijk-540x.jpg]
[dennissnellenberg.com/media/pages/work/aanstekelijk/23e625e878-1680160784/aanstekelijk-home-scroll.mp4]
[dennissnellenberg.com/media/pages/work/aanstekelijk/ae0d5a86c3-1680161403/aanstekelijk-navigation.mp4]
[dennissnellenberg.com/media/pages/work/aanstekelijk/87d540dba1-1680161125/aanstekelijk-about-1-540x.jpg]
[dennissnellenberg.com/media/pages/work/aanstekelijk/fc85e435e2-1680162198/aanstekelijk-work-slider.mp4]
[dennissnellenberg.com/assets/img/device-mbp-16-lower.png]
[dennissnellenberg.com/media/pages/work/aanstekelijk/48e89dae7b-1680162451/aanstekelijk-contact.mp4]
[dennissnellenberg.com/work/aanstekelijk.html]
[dennissnellenberg.com/assets/img/form-checkmark.svg]
[dennissnellenberg.com/assets/img/dotted.svg]
[dennissnellenberg.com/media/pages/work/base-create/1f2468ab51-1680179645/thumbnail-base-desktop-860x540-crop-q72.jpg]
[dennissnellenberg.com/media/pages/work/base-create/1b5a809c2f-1680180571/case-header-base-v2-540x.jpg]
[dennissnellenberg.com/media/pages/work/base-create/ac93144c69-1680181224/base-home-desktop.mp4]
[dennissnellenberg.com/media/pages/work/base-create/42eea181cf-1680181182/base-nothing-phone-540x.jpg]
[dennissnellenberg.com/media/pages/work/base-create/6e212750e0-1680181564/base-news.mp4]
[dennissnellenberg.com/media/pages/work/base-create/975fa33825-1680181783/base-mbp-1-540x.jpg]
[dennissnellenberg.com/media/pages/work/base-create/760b21bcc5-1680181631/base-case.mp4]
[dennissnellenberg.com/work/base-create.html]
[dennissnellenberg.com/media/pages/work/avvr/4d2a7758a4-1672918357/thumbnail-avvr-v2-860x540-crop-q72.jpg]
[dennissnellenberg.com/media/pages/work/avvr/69dfb0e43c-1672818555/avvr_006_resized-540x.jpg]
[dennissnellenberg.com/media/pages/work/avvr/cd13c30fcb-1672821256/avvr-scroll-home.mp4]
[dennissnellenberg.com/media/pages/work/avvr/d90cfe7ba5-1672819746/mobile-screen-avvr-1-540x.jpg]
[dennissnellenberg.com/assets/img/device-iphone14.png]
[dennissnellenberg.com/media/pages/work/avvr/ffaf296ffc-1672820127/mobile-screen-avvr-2-540x.jpg]
[dennissnellenberg.com/media/pages/work/avvr/a2dd625bf2-1672820988/mobile-screen-avvr-3-540x.jpg]
[dennissnellenberg.com/media/pages/work/avvr/d3533056b1-1672818970/avvr_007_resized-540x.jpg]
[dennissnellenberg.com/media/pages/work/avvr/9b9338e8bc-1672823965/avvr-scroll-news-2.mp4]
[dennissnellenberg.com/media/pages/work/avvr/5137718302-1672823179/avvr-scroll-about.mp4]
[dennissnellenberg.com/work/avvr.html]
[dennissnellenberg.com/media/pages/work/graphichunters/0daec771af-1660128857/thumbnail-gh-860x540-crop-q72.jpg]
[dennissnellenberg.com/media/pages/work/graphichunters/a2a863c4a0-1660130965/case-header-back-gh-540x.jpg]
[dennissnellenberg.com/media/pages/work/graphichunters/80d025d94b-1660129669/loading-gh.mp4]
[dennissnellenberg.com/media/pages/work/graphichunters/ea119dae77-1660131665/rotate-g-small.mp4]
[dennissnellenberg.com/media/pages/work/graphichunters/adddd3362a-1660130661/screen-1-540x.jpg]
[dennissnellenberg.com/media/pages/work/graphichunters/fd4228d034-1660130665/screen-2-540x.jpg]
[dennissnellenberg.com/media/pages/work/graphichunters/c1121fbcf0-1660130670/screen-3-540x.jpg]
[dennissnellenberg.com/media/pages/work/graphichunters/d5337071c4-1660130224/archive-gh.mp4]
[dennissnellenberg.com/work/graphichunters.html]
[dennissnellenberg.com/media/pages/work/future-goals/614e28a662-1653057688/thumbnail-futuregoals-860x540-crop-q72.jpg]
[dennissnellenberg.com/media/pages/work/future-goals/8c916e77f1-1653053706/futuregoals-case-header-540x.jpg]
[dennissnellenberg.com/media/pages/work/future-goals/ad92afd3da-1653054674/future-goals-screen.mp4]
[dennissnellenberg.com/assets/img/device-ipad-pro-lower.png]
[dennissnellenberg.com/media/pages/work/future-goals/98ad2da45a-1653055060/full-size-1-540x.jpg]
[dennissnellenberg.com/media/pages/work/future-goals/73fecccd91-1653055451/screen-rec-mob.mp4]
[dennissnellenberg.com/assets/img/device-iphone13-nonotch.png]
[dennissnellenberg.com/media/pages/work/future-goals/7290f5da48-1653055387/futuregoals-screen-2-540x.jpg]
[dennissnellenberg.com/media/pages/work/future-goals/69afe68ccf-1653055393/futuregoals-screen-3-540x.jpg]
[dennissnellenberg.com/media/pages/work/future-goals/c6b7159243-1653056956/high_headerfuturegoals-1.mp4]
[dennissnellenberg.com/media/pages/work/future-goals/685adbde8d-1653055959/photo-gallery-big-540x.jpg]
[dennissnellenberg.com/work/future-goals.html]
[dennissnellenberg.com/media/pages/work/atypikal/fd1951ffc9-1646837277/thumbnail-atypikal-860x540-crop-q72.jpg]
[dennissnellenberg.com/media/pages/work/atypikal/e0f19f8847-1646837280/atypikal-case-header-540x.jpg]
[dennissnellenberg.com/media/pages/work/atypikal/869f36be3e-1646837282/atypikal-screen-scroll.mp4]
[dennissnellenberg.com/media/pages/work/atypikal/52f224ca12-1646837279/atypikal-screen-mobile-load.mp4]
[dennissnellenberg.com/media/pages/work/atypikal/6d95789446-1646837279/atypikal-mobile-2-540x.jpg]
[dennissnellenberg.com/media/pages/work/atypikal/71c55005ad-1646837277/atypikal-mobile-footer.mp4]
[dennissnellenberg.com/media/pages/work/atypikal/06caeb881e-1646837280/atypikal-screen-footer.mp4]
[dennissnellenberg.com/assets/img/device-apple-pencil.png]
[dennissnellenberg.com/work/atypikal.html]
[dennissnellenberg.com/media/pages/work/one-nil/288460827e-1646837272/thumbnail-onenil-v3-860x540-crop-q72.jpg]
[dennissnellenberg.com/media/pages/work/one-nil/eab8a1f9e0-1646837269/image-case-onenil-v2-540x.jpg]
[dennissnellenberg.com/media/pages/work/one-nil/48db0808ea-1646837267/onenil-screen-load.mp4]
[dennissnellenberg.com/media/pages/work/one-nil/4cd9bd35fb-1646837271/onenil-screen-mobile-cases.mp4]
[dennissnellenberg.com/media/pages/work/one-nil/d2d402c560-1646837270/onenil-screen-archive-540x.jpg]
[dennissnellenberg.com/media/pages/work/one-nil/d8aa6ace03-1646837276/onenil-screen-mobile-contact.mp4]
[dennissnellenberg.com/media/pages/work/one-nil/86e707f8d6-1646837266/onenil-laptop-540x.jpg]
[dennissnellenberg.com/media/pages/work/one-nil/26601c386e-1646837270/parallax-archive-540x.jpg]
[dennissnellenberg.com/media/pages/work/one-nil/475502238f-1646837270/onenil-screen-nav.mp4]
[dennissnellenberg.com/work/one-nil.html]
[dennissnellenberg.com/media/pages/work/andy-hardy/f152b03247-1646837253/thumbnail-andyhardy-860x540-crop-q72.jpg]
[dennissnellenberg.com/media/pages/work/andy-hardy/45460186ce-1646837251/image-case-andy-540x.png]
[dennissnellenberg.com/media/pages/work/andy-hardy/17b0c05d2b-1646837250/landscape_background_small-540x.jpg]
[dennissnellenberg.com/media/pages/work/andy-hardy/74f5cb3afe-1646837250/landscape_andy-540x.png]
[dennissnellenberg.com/media/pages/work/andy-hardy/889b4920b6-1646837252/andrew-top-540x.png]
[dennissnellenberg.com/media/pages/work/andy-hardy/290274f2dd-1646837253/andy-portfolio.mp4]
[dennissnellenberg.com/media/pages/work/andy-hardy/21ce736523-1646837255/andy-hardy-people-accomodation-photographer-filmmaker-australia-16-2160x2160-540x.jpg]
[dennissnellenberg.com/media/pages/work/andy-hardy/692c4ad8ac-1646837253/andy-mobile-1-540x.jpg]
[dennissnellenberg.com/media/pages/work/andy-hardy/a804e16944-1646837251/andy-mobile-3-540x.jpg]
[dennissnellenberg.com/media/pages/work/andy-hardy/6c7ba9f412-1646837254/andy-mobile-4-540x.jpg]
[dennissnellenberg.com/media/pages/work/andy-hardy/1081f723ef-1646837256/andy-screen-personal-540x.jpg]
[dennissnellenberg.com/media/pages/work/andy-hardy/237a0f8246-1646837254/andy-screen-interaction.mp4]
[dennissnellenberg.com/work/andy-hardy.html]
[dennissnellenberg.com/archive.html]
[dennissnellenberg.com/media/pages/work/one-nil/cf8d6eb3fa-1646837265/onenil-nav-bar.svg]
